     1                                  bits 32
     2                                  
     3                                  global start ;declare the entry point
     4                                  extern exit
     5                                  import exit msvcrt.dll
     6                                  
     7                                  segment data use32 class = data
     8                                  ;A string containing n binary representations on 8 bits is given as a character string.
     9                                  ;Obtain the string containing the numbers corresponding to the given binary representations.
    10                                  ;Example:
    11                                  ;Given: '10100111b', '01100011b', '110b', '101011b'
    12                                  ;Obtain: 10100111b, 01100011b, 110b, 101011b
    13 00000000 313031303031313162-     given dw '10100111b', '01100011b', '110b', '101011b', 0 ;29
    13 00000009 003031313030303131-
    13 00000012 620031313062313031-
    13 0000001B 30313162000000     
    14                                  len equ $-given
    15 00000022 0000<rept>              obtain times len dw 0
    16                                  
    17                                  segment code use32 class = code
    18                                  start:
    19 00000000 31F6                    xor esi,esi;
    20                                  read:
    21 00000002 8A86[00000000]              mov al, [given + esi] ;move in al every char in the string
    22 00000008 3C62                        cmp  al, "b"
    23 0000000A 46                          inc esi
    24 0000000B 7407                        je next
    25 0000000D 00C3                        add bl, al
    26 0000000F 83FE22                      cmp esi, len
    27 00000012 72EE                        jb read
    28                                       
    29                                  next:
    30                                  
    31                                  
    32 00000014 6A00                    push dword 0
    33 00000016 FF15[00000000]          call [exit]
